Traceback (most recent call last):
  File "/Users/admin/Central/Work/O-I/Antykathera-Essay-Work/working/publication-integration-2026-10-04/check-reader-ui.py", line 21, in <module>
    button=page.locator('.folder-button').first;container=button.locator('xpath=ancestor::li[1]').locator(':scope > .folder-outer');before=container.get_attribute('class');button.click();expect(container).not_to_have_attribute('class',before);button.click();expect(container).to_have_attribute('class',before)
                                                                                                                                           ~~~~~~~~~~~~~~~~~~~~~~~^^^^^^^^^
  File "/Users/admin/Library/Python/3.14/lib/python/site-packages/playwright/sync_api/_generated.py", line 16806, in get_attribute
    self._sync(self._impl_obj.get_attribute(name=name, timeout=timeout))
    ~~~~~~~~~~^^^^^^^^^^^^^^^^^^^^^^^^^^^^^^^^^^^^^^^^^^^^^^^^^^^^^^^^^^
  File "/Users/admin/Library/Python/3.14/lib/python/site-packages/playwright/_impl/_sync_base.py", line 115, in _sync
    return task.result()
           ~~~~~~~~~~~^^
  File "/Users/admin/Library/Python/3.14/lib/python/site-packages/playwright/_impl/_locator.py", line 418, in get_attribute
    return await self._frame.get_attribute(
           ^^^^^^^^^^^^^^^^^^^^^^^^^^^^^^^^
    ...<3 lines>...
    )
    ^
  File "/Users/admin/Library/Python/3.14/lib/python/site-packages/playwright/_impl/_frame.py", line 628, in get_attribute
    return await self._channel.send("getAttribute", locals_to_params(locals()))
           ^^^^^^^^^^^^^^^^^^^^^^^^^^^^^^^^^^^^^^^^^^^^^^^^^^^^^^^^^^^^^^^^^^^^
  File "/Users/admin/Library/Python/3.14/lib/python/site-packages/playwright/_impl/_connection.py", line 61, in send
    return await self._connection.wrap_api_call(
           ^^^^^^^^^^^^^^^^^^^^^^^^^^^^^^^^^^^^^
    ...<2 lines>...
    )
    ^
  File "/Users/admin/Library/Python/3.14/lib/python/site-packages/playwright/_impl/_connection.py", line 528, in wrap_api_call
    raise rewrite_error(error, f"{parsed_st['apiName']}: {error}") from None
playwright._impl._errors.TimeoutError: Locator.get_attribute: Timeout 30000ms exceeded.
Call log:
  - waiting for locator(".folder-button").first.locator("xpath=ancestor::li[1]").locator(":scope > .folder-outer")

