shell	Retain preview and evidence	﻿2026-10-04T15:33:19.9633546Z ##[group]Run actions/upload-artifact@v4
shell	Retain preview and evidence	2026-10-04T15:33:19.9633868Z with:
shell	Retain preview and evidence	2026-10-04T15:33:19.9634148Z   name: site-shell-v2-b71904f03b933158948c76bb053d53f3a0d28aa8
shell	Retain preview and evidence	2026-10-04T15:33:19.9634798Z   retention-days: 14
shell	Retain preview and evidence	2026-10-04T15:33:19.9635032Z   if-no-files-found: error
shell	Retain preview and evidence	2026-10-04T15:33:19.9635603Z   path: site/evidence/shell-v2/
shell	Retain preview and evidence	site/dist/
shell	Retain preview and evidence	site/src/shell/
shell	Retain preview and evidence	site/src/tokens.css
shell	Retain preview and evidence	site/tests/shell-v2-acceptance.py
shell	Retain preview and evidence	site/package-lock.json
shell	Retain preview and evidence	
shell	Retain preview and evidence	2026-10-04T15:33:19.9636215Z   compression-level: 6
shell	Retain preview and evidence	2026-10-04T15:33:19.9636438Z   overwrite: false
shell	Retain preview and evidence	2026-10-04T15:33:19.9636655Z   include-hidden-files: false
shell	Retain preview and evidence	2026-10-04T15:33:19.9636899Z ##[endgroup]
shell	Retain preview and evidence	2026-10-04T15:33:20.1401078Z (node:6725) [DEP0040] DeprecationWarning: The `punycode` module is deprecated. Please use a userland alternative instead.
shell	Retain preview and evidence	2026-10-04T15:33:20.1402622Z (Use `node --trace-deprecation ...` to show where the warning was created)
shell	Retain preview and evidence	2026-10-04T15:33:20.5224639Z Uploads are case insensitive: /home/runner/work/O-I/O-I/site/dist/essay/apoha.html was detected that it will be overwritten by another file with the same path
shell	Retain preview and evidence	2026-10-04T15:33:20.5227061Z Uploads are case insensitive: /home/runner/work/O-I/O-I/site/dist/essay/arche-topos.html was detected that it will be overwritten by another file with the same path
shell	Retain preview and evidence	2026-10-04T15:33:20.5230557Z Uploads are case insensitive: /home/runner/work/O-I/O-I/site/dist/essay/bimba-pratibimba.html was detected that it will be overwritten by another file with the same path
shell	Retain preview and evidence	2026-10-04T15:33:20.5234970Z Uploads are case insensitive: /home/runner/work/O-I/O-I/site/dist/essay/circumscription-without-circumstance.html was detected that it will be overwritten by another file with the same path
shell	Retain preview and evidence	2026-10-04T15:33:20.5242321Z Uploads are case insensitive: /home/runner/work/O-I/O-I/site/dist/essay/division-pluralisms.html was detected that it will be overwritten by another file with the same path
shell	Retain preview and evidence	2026-10-04T15:33:20.5246123Z Uploads are case insensitive: /home/runner/work/O-I/O-I/site/dist/essay/fusion.html was detected that it will be overwritten by another file with the same path
shell	Retain preview and evidence	2026-10-04T15:33:20.5250081Z Uploads are case insensitive: /home/runner/work/O-I/O-I/site/dist/essay/j-space.html was detected that it will be overwritten by another file with the same path
shell	Retain preview and evidence	2026-10-04T15:33:20.5253398Z Uploads are case insensitive: /home/runner/work/O-I/O-I/site/dist/essay/khahara.html was detected that it will be overwritten by another file with the same path
shell	Retain preview and evidence	2026-10-04T15:33:20.5257407Z Uploads are case insensitive: /home/runner/work/O-I/O-I/site/dist/essay/nirvikalpa.html was detected that it will be overwritten by another file with the same path
shell	Retain preview and evidence	2026-10-04T15:33:20.5263037Z Uploads are case insensitive: /home/runner/work/O-I/O-I/site/dist/essay/pramāṇa.html was detected that it will be overwritten by another file with the same path
shell	Retain preview and evidence	2026-10-04T15:33:20.5266381Z Uploads are case insensitive: /home/runner/work/O-I/O-I/site/dist/essay/projective-line.html was detected that it will be overwritten by another file with the same path
shell	Retain preview and evidence	2026-10-04T15:33:20.5269118Z Uploads are case insensitive: /home/runner/work/O-I/O-I/site/dist/essay/prompt-thrownness.html was detected that it will be overwritten by another file with the same path
shell	Retain preview and evidence	2026-10-04T15:33:20.5271884Z Uploads are case insensitive: /home/runner/work/O-I/O-I/site/dist/essay/psychoid-number.html was detected that it will be overwritten by another file with the same path
shell	Retain preview and evidence	2026-10-04T15:33:20.5276302Z Uploads are case insensitive: /home/runner/work/O-I/O-I/site/dist/essay/riemann-sphere.html was detected that it will be overwritten by another file with the same path
shell	Retain preview and evidence	2026-10-04T15:33:20.5279213Z Uploads are case insensitive: /home/runner/work/O-I/O-I/site/dist/essay/saṃkalpa.html was detected that it will be overwritten by another file with the same path
shell	Retain preview and evidence	2026-10-04T15:33:20.6560152Z Uploads are case insensitive: /home/runner/work/O-I/O-I/site/dist/essay/the-slash.html was detected that it will be overwritten by another file with the same path
shell	Retain preview and evidence	2026-10-04T15:33:20.6562973Z Uploads are case insensitive: /home/runner/work/O-I/O-I/site/dist/essay/vikalpa.html was detected that it will be overwritten by another file with the same path
shell	Retain preview and evidence	2026-10-04T15:33:20.6616508Z Multiple search paths detected. Calculating the least common ancestor of all paths
shell	Retain preview and evidence	2026-10-04T15:33:20.6619502Z The least common ancestor is /home/runner/work/O-I/O-I/site. This will be the root directory of the artifact
shell	Retain preview and evidence	2026-10-04T15:33:20.6620594Z With the provided path, there will be 2258 files uploaded
shell	Retain preview and evidence	2026-10-04T15:33:20.6627849Z Artifact name is valid!
shell	Retain preview and evidence	2026-10-04T15:33:20.6628490Z Root directory input is valid!
shell	Retain preview and evidence	2026-10-04T15:33:20.6672834Z ##[error]The path for one of the files in artifact is not valid: /dist/essay/4:2-Technè-—-Sovereign-Commons-Architecture.html. Contains the following character:  Colon :
shell	Retain preview and evidence	          
shell	Retain preview and evidence	Invalid characters include:  Double quote ", Colon :, Less than <, Greater than >, Vertical bar |, Asterisk *, Question mark ?, Carriage return \r, Line feed \n
shell	Retain preview and evidence	          
shell	Retain preview and evidence	The following characters are not allowed in files that are uploaded due to limitations with certain file systems such as NTFS. To maintain file system agnostic behavior, these characters are intentionally not allowed to prevent potential problems with downloads on different file systems.
shell	Retain preview and evidence	          
