✔ portable account modules are a rendering grammar, not a required Account ontology (1.305792ms)
✔ Central personal world projects only explicitly selected authored material (2.80525ms)
✔ deep project account keeps authored intent, design, architecture and implementation evidence distinguishable (5.079583ms)
✔ ordinary project uses natural headings and has no QL dependency (0.767667ms)
✔ agent reading preserves the same Projection identity human surfaces render (1.884125ms)
✔ only Surface-projected AIKit contributions become bindable, with absences degrading rather than vanishing (3.900917ms)
✔ an action projection keeps its canonical Action ref and gains no handler (1.328417ms)
✔ the adapter refuses bodies that are not the accepted AIKit contract (0.363833ms)
✔ root WikiSpace and a real ProjectCentral child WikiSpace are both addressable through one Projection (51.131584ms)
✔ unselected private material is absent from every outward payload, not only the rendered page (52.595333ms)
✔ a selection cannot smuggle a node out of an address-only space or a node absent from the readings (2.132042ms)
✔ human-authored and Agent-maintained standings stay distinguishable in provenance and entries (6.837375ms)
✔ source paths are withheld unless the selection discloses them (5.201208ms)
✔ the published material drives the same renderer-neutral Explore Surface used by browser, desktop and agents (54.486042ms)
✔ hosted reducer arguments carry exactly the bundle and keep semantic refs as the index columns (2.741708ms)
✔ the standalone edition is rendered only from the Projection and its manifest digest identifies bytes, not authority (3.85475ms)
✔ re-projection from a moved source is a source revision; from the same source it is a refinement — identity never drifts (9.081625ms)
✔ an unselected Position is absent from every outward payload, Explore search and relation (16.669875ms)
✔ address mode carries the Position address and nothing of its occupancy; occupancy mode carries only the allow-listed fields (11.416875ms)
✔ private inhabitation material never leaves: sessions, SessionSpaces, gateway addresses, attention, Communique bodies, protected purpose refs (16.528084ms)
✔ selection refusals: an unknown Position, occupancy without a population reading, an unknown constellation, an invalid mode (1.118833ms)
✔ occupancy or custody drift is a source revision; a change only in never-published material is a refinement (18.540625ms)
✔ hosted reducer arguments carry the Positions, the constellation and their World relations (2.473917ms)
✔ a constellation is one entry, related to the World and to its selected wiki-node participations only (5.164291ms)
✔ works-on appears only when current work is one attested custody naming a selected node or constellation (22.528333ms)
✔ a node listed only by its space node_refs is a member of that space, and address-only still refuses it (1.3915ms)
✔ re-projecting with a changed audience carries the owner's new audience in a new revision (5.474916ms)
✔ typed wiki edges travel between selected nodes only, with their own origin (2.713084ms)
✔ a knowledge edge carries no foreign ref: relation validated, edge ref dropped, origin ref only a Contribution or selected material (4.017625ms)
✔ shared Surface model preserves search leaf to bounded local whole (3.541709ms)
✔ Surface consumers receive the same stable world and provenance-bearing relation state (18.008125ms)
✔ Surface composition rejects an unsupported transport payload rather than inventing fallback meaning (0.361875ms)
✔ admits accepted live renderer and preserves identities (7.403125ms)
✔ chooses first renderable authored capture when live admission is absent (0.451208ms)
✔ stale or withheld subjects and sources cannot be live truth (2.406ms)
✔ rejects identity drift and unsupported fallbacks (1.39775ms)
✔ rejects private runtime state, duplicate subjects and malformed provenance (1.534375ms)
✔ action refs parse to owner and canonical action id; anything else is refused (3.838667ms)
✔ only an Action the binding discloses is bound, and only to a known native owner (1.002667ms)
✔ invocation goes through the owner command with the canonical id, and the owner envelope becomes attributable Activity (4.354458ms)
✔ an owner refusal stays a refusal: failed Activity, no retry, no invented result (0.651833ms)
✔ direct authoring mutates existing WorldPresentation regions and bindings without a parallel page model (8.30125ms)
✔ agent disclosure exposes the same selected refs, provenance, source revision, source-return boundary and authoring operations (2.084042ms)
✔ selected native contribution keeps its canonical ActionRef and degraded reason without gaining a UI-owned handler (0.335834ms)
✔ unavailable native contribution is visible but cannot be inserted and renderer fallback does not drift identity (2.181625ms)
✔ web and desktop Surface disclosures can consume one presentation and binding identity without owning it (0.588167ms)
✔ world presentation is a Projection representation, not source identity (2.17925ms)
✔ human edit creates a new attributable Projection revision without rewriting source (0.705334ms)
✔ working representation ratifies from W1 to W2 when the draft intentionally retains the published revision (0.495541ms)
✔ presentation cannot silently switch to another world while editing (0.5265ms)
✔ presentation identity and revision cannot drift backwards during refinement (1.291ms)
✔ world presentation preserves native component/contribution/surface identity (1.562417ms)
✔ presentation bindings flatten regions without changing component identity (1.156833ms)
✔ renderer availability is local client state rather than presentation authority (0.2795ms)
✔ worlds may remap semantic presentation tokens but not shared-system meta relation (0.407125ms)
✔ presentation manifest cannot smuggle executable module fields into a binding (0.120958ms)
✔ region and binding refs are unique inside one presentation (0.3095ms)
✔ Central public selection derives the golden Participant Root without Control leakage (3.799792ms)
✔ Central selection is allowlisted and cannot request Control wholesale (0.331459ms)
✔ Human Participant remains a field relation over the underlying Human identity (0.17675ms)
✔ Agent Participant retains Agent and Agency provenance without runtime identity collapse (0.295416ms)
✔ different native subject kinds survive Projection unchanged (0.165875ms)
✔ transport metadata can change without changing Projection semantic identity (0.392458ms)
✔ source revision and provenance survive local to Projection to receive (0.17375ms)
✔ receiving a Projection does not confer source authorship or mutation authority (0.081167ms)
✔ revision exposes source drift while preserving subject and Projection refs (0.215916ms)
✔ withdrawal preserves source history and records a new Projection revision (0.227167ms)
✔ projection capability negotiation keeps transport capability separate from semantics (0.1615ms)
✔ the Central Participant Root representation is a generic sparse representation (2.5325ms)
✔ constructors reject malformed source identity rather than flattening it (0.563375ms)
✔ SharedFields are recursively nestable without identity collapse (20.319792ms)
✔ SharedField containment rejects direct and indirect cycles (1.319125ms)
✔ Contributions recursively target Contributions (0.149792ms)
✔ metrics and rankings are ordinary attributable Contributions (0.078084ms)
✔ Encounter records mediated availability without claiming subjective state (0.174291ms)
✔ Self/Other read model keeps field-relative participant roles explicit (0.187834ms)
✔ static provider is only a carrier over the browser read model (3.466625ms)
✔ hosted snapshot selects WorldPresentation projections without exposing implementation rows (1.389917ms)
✔ live provider rebuild events deliver a fresh browser model through the same contract (1.523709ms)
✔ public Explore does not manufacture worlds while no real Projection is published (9.239083ms)
✔ empty public field remains a valid Explore Surface ready for provider-supplied projections (1.583458ms)
✔ browser Explore consumes canonical search/open/local-whole semantics (47.022917ms)
✔ browser model accepts an honestly empty public field (2.71475ms)
✔ latest presentation Projection revision wins without changing source semantics (7.899375ms)
✔ field proof validates Projection, Encounter and recursive Contributions through canonical contracts (6.324125ms)
✔ field proof rejects a broken nested Contribution relation (1.492917ms)
✔ the Library is a deterministic address view over real native publications (21.497125ms)
✔ every gallery and column entry resolves the same exact Scenes (0.31025ms)
✔ titles and invented Scene refs are not accepted as exact addresses (0.386959ms)
✔ a changed source produces a changed native edition and source revision (10.613916ms)
✔ source text is carried from the actual selected heading, not a metadata placeholder (0.225917ms)
✔ §5 means / World distinction and wider paradigm field reach the actual source (0.128042ms)
✔ a Scene chip and face/verso link round-trip native addresses and scope (0.693125ms)
✔ legacy product and research destinations route into Library subjects (0.1975ms)
✔ bounded scene row never exceeds measured width, including tiny containers (4.833917ms)
✔ gallery and account search use one collection field (1.046125ms)
✔ unavailable storage does not prevent reading or replace other browser data (0.199875ms)
✔ unsafe and malformed links cannot execute as source links (0.118167ms)
✔ publication admission rejects private publication (1.136125ms)
✔ publication admission rejects withdrawn publication (0.762041ms)
✔ publication admission rejects different expression (0.743084ms)
✔ publication admission rejects stale source (1.219208ms)
✔ publication admission rejects stale scene list (1.559875ms)
✔ publication admission rejects undisclosed body (1.053917ms)
✔ publication admission rejects changed body subject (0.810375ms)
✔ publication admission rejects source revision mismatch (0.776458ms)
✔ index rejects duplicate addresses and unadmitted payload locations (0.800792ms)
✔ membership links name source structure; geometry creates no new semantic edges (0.211958ms)
✔ published source never acquires authoring actions or mutable private state (0.122459ms)
✔ an optional canonical locator rides the edition projection into the Reader provenance slot (1.878542ms)
✔ Human Participant Root renders chosen identity, public selections and provenance (3.240166ms)
✔ renderer boundary is representation-generic rather than subject-kind-specific (0.352ms)
✔ renderer rejects an unknown representation contract without flattening native type (0.574125ms)
✔ fixture corpus members can be selected without making the renderer subject-specific (0.514416ms)
✔ Explore registers the account presentation grammar without executable HTML injection (8.447792ms)
✔ public site markdown contains every routed page (1.3935ms)
✔ product sections expose the renderer contract (1.004084ms)
✔ research page represents the wider programme and keeps QL as one deeper surface (1.76225ms)
✔ human authorship remains a developed provenance relation, not generic personalisation (0.302625ms)
✔ collective extension is represented as a research method, not generic extensibility (0.1705ms)
✔ founding positions carry the same positive world, authorship and collective research commitments (0.68525ms)
✔ first-contact copy carries the world-making proposition and local-to-shared movement (0.4685ms)
✔ current six-office wording and truthful local installation do not imply publication or verification (0.241625ms)
✔ O:I keeps its authored brand and the essay carries its full authored title (0.708542ms)
✔ vite emits the structured public pages without replacing Explore (0.280625ms)
✔ empty native publication remains empty; no fixture fallback (2.560542ms)
✔ native subject identities, source revisions and collection membership survive (25.770667ms)
✔ the optional canonical locator survives admission, the seed, the compiled manifests and the model (6.044916ms)
✔ the canonical deep-link composes from the Publish base and hides without one (0.18275ms)
✔ a malformed canonical locator fails public admission instead of shipping (3.703167ms)
✔ publications without the optional locator admit unchanged and expose no canonical link (4.57125ms)
✔ native body fidelity preserves authored field, geometry, dynamics and text-bearing journey instead of rebuilding the demo shell (2.678667ms)
✔ native body admission refuses changed bytes, changed scene maps and protected material (4.453917ms)
✔ private objects, raw row copy, metadata, fields and wrappers never enter any outward payload (2.405125ms)
✔ a private edge between otherwise public subjects is excluded (2.986333ms)
✔ published binding with private or unsupported material fails before serialization (0.739208ms)
✔ exact stale publication and Scene addresses never resolve to another edition (3.014ms)
✔ native edition manifests identify exactly the emitted source and bytes (2.157083ms)
✔ route carries source, Expression/Projection editions, exact Scene and reading anchor separately (0.65375ms)
✔ assets cannot depend on loopback, private addresses, arbitrary schemes or credentials (0.907375ms)
✔ production entrypoints cannot import fixtures (0.764917ms)
✔ Self / Other browser adapter is derived from canonical shared-field contracts (7.819625ms)
✔ front-door Self, public root and Other reuse the canonical golden fixtures (2.173167ms)
✔ Self / Other adapter rejects a participant outside the selected field (1.31625ms)
✔ Self / Other adapter rejects a public root published by another participant (1.051208ms)
✔ places the canonical focus at the centre without changing relation identity (1.408333ms)
✔ recentring is a new visual projection of the supplied relation state (0.161ms)
✔ layout is deterministic for the same bounded relation state (1.553542ms)
ℹ tests 148
ℹ suites 0
ℹ pass 148
ℹ fail 0
ℹ cancelled 0
ℹ skipped 0
ℹ todo 0
ℹ duration_ms 656.52475
