Traceback (most recent call last):
  File "/Users/admin/Central/Work/O-I/site/tests/essay-reader-controls.py", line 236, in <module>
    main()
    ~~~~^^
  File "/Users/admin/Central/Work/O-I/site/tests/essay-reader-controls.py", line 214, in main
    page.screenshot(path=str(OUT / f'{label}-failure.png'))
    ~~~~~~~~~~~~~~~^^^^^^^^^^^^^^^^^^^^^^^^^^^^^^^^^^^^^^^^
  File "/Users/admin/Library/Python/3.14/lib/python/site-packages/playwright/sync_api/_generated.py", line 9785, in screenshot
    self._sync(
    ~~~~~~~~~~^
        self._impl_obj.screenshot(
        ^^^^^^^^^^^^^^^^^^^^^^^^^^
    ...<13 lines>...
        )
        ^
    )
    ^
  File "/Users/admin/Library/Python/3.14/lib/python/site-packages/playwright/_impl/_sync_base.py", line 115, in _sync
    return task.result()
           ~~~~~~~~~~~^^
  File "/Users/admin/Library/Python/3.14/lib/python/site-packages/playwright/_impl/_page.py", line 795, in screenshot
    encoded_binary = await self._channel.send("screenshot", params)
                     ^^^^^^^^^^^^^^^^^^^^^^^^^^^^^^^^^^^^^^^^^^^^^^
  File "/Users/admin/Library/Python/3.14/lib/python/site-packages/playwright/_impl/_connection.py", line 61, in send
    return await self._connection.wrap_api_call(
           ^^^^^^^^^^^^^^^^^^^^^^^^^^^^^^^^^^^^^
    ...<2 lines>...
    )
    ^
  File "/Users/admin/Library/Python/3.14/lib/python/site-packages/playwright/_impl/_connection.py", line 528, in wrap_api_call
    raise rewrite_error(error, f"{parsed_st['apiName']}: {error}") from None
playwright._impl._errors.TimeoutError: Page.screenshot: Timeout 30000ms exceeded.
Call log:
  - taking page screenshot
  -   - waiting for fonts to load...
  -   - fonts loaded

