----------------------------------------
Exception occurred during processing of request from ('127.0.0.1', 62841)
Traceback (most recent call last):
  File "/opt/homebrew/Cellar/python@3.14/3.14.3/Frameworks/Python.framework/Versions/3.14/lib/python3.14/socketserver.py", line 697, in process_request_thread
    self.finish_request(request, client_address)
    ~~~~~~~~~~~~~~~~~~~^^^^^^^^^^^^^^^^^^^^^^^^^
  File "/opt/homebrew/Cellar/python@3.14/3.14.3/Frameworks/Python.framework/Versions/3.14/lib/python3.14/socketserver.py", line 362, in finish_request
    self.RequestHandlerClass(request, client_address, self)
    ~~~~~~~~~~~~~~~~~~~~~~~~^^^^^^^^^^^^^^^^^^^^^^^^^^^^^^^
  File "/opt/homebrew/Cellar/python@3.14/3.14.3/Frameworks/Python.framework/Versions/3.14/lib/python3.14/socketserver.py", line 766, in __init__
    self.handle()
    ~~~~~~~~~~~^^
  File "/opt/homebrew/Cellar/python@3.14/3.14.3/Frameworks/Python.framework/Versions/3.14/lib/python3.14/http/server.py", line 496, in handle
    self.handle_one_request()
    ~~~~~~~~~~~~~~~~~~~~~~~^^
  File "/opt/homebrew/Cellar/python@3.14/3.14.3/Frameworks/Python.framework/Versions/3.14/lib/python3.14/http/server.py", line 484, in handle_one_request
    method()
    ~~~~~~^^
  File "/Users/admin/Central/Work/O-I/site/.publication-verification/site/tests/essay-host-smoke.py", line 126, in do_GET
    self.wfile.write(body)
    ~~~~~~~~~~~~~~~~^^^^^^
  File "/opt/homebrew/Cellar/python@3.14/3.14.3/Frameworks/Python.framework/Versions/3.14/lib/python3.14/socketserver.py", line 845, in write
    self._sock.sendall(b)
    ~~~~~~~~~~~~~~~~~~^^^
BrokenPipeError: [Errno 32] Broken pipe
----------------------------------------
{
  "root_home": "/",
  "foundation": "section-rooms/00-integral-threshold/ROOM-00-integral-threshold",
  "native_search": true,
  "searched_record": "section-rooms/00-integral-threshold/ROOM-00-integral-threshold",
  "foundation_backlinks": 14,
  "first_backlink": "../../THE-RETURN-OF-ZERO",
  "passed": true,
  "fills": [
    {
      "query": "Integral Threshold",
      "before": {
        "value": "",
        "connected": true,
        "layout": true,
        "results": [
          {
            "connected": true,
            "children": 0
          }
        ]
      },
      "listeners": {
        ".search-button": [
          "click",
          "click",
          "click"
        ],
        ".search-bar": [
          "input"
        ]
      }
    },
    {
      "query": "Integral Threshold",
      "before": {
        "value": "",
        "connected": true,
        "layout": true,
        "results": [
          {
            "connected": true,
            "children": 0
          }
        ]
      },
      "listeners": {
        ".search-button": [
          "click",
          "click",
          "click",
          "click",
          "click"
        ],
        ".search-bar": [
          "input"
        ]
      }
    }
  ],
  "state": {
    "events": [
      {
        "value": "Integral Threshold",
        "time": 3200.4000005722046
      },
      {
        "value": "Integral Threshold",
        "time": 25799.300000190735
      }
    ],
    "searches": [
      {
        "active": "search-container",
        "value": "",
        "layouts": [
          {
            "connected": true,
            "html": ""
          }
        ]
      }
    ]
  },
  "page_errors": [],
  "listeners": {
    ".search-button": [
      {
        "type": "click",
        "handler": "",
        "line": 8
      },
      {
        "type": "click",
        "handler": "",
        "line": 8
      },
      {
        "type": "click",
        "handler": "",
        "line": 8
      },
      {
        "type": "click",
        "handler": "",
        "line": 8
      },
      {
        "type": "click",
        "handler": "",
        "line": 8
      }
    ],
    ".search-bar": [
      {
        "type": "input",
        "handler": "",
        "line": 8
      }
    ]
  }
}
